// Jest Snapshot v1, https://goo.gl/fbAQLP

exports[`should render correctly 1`] = `
<Result>
  <div>
    <ul>
      <li
        className="friendlist"
      >
        <i
          class="fas fa-user"
        />
      </li>
    </ul>
  </div>
</Result>
`;
